[themebeyond.com/pre/petco-prev/petco-live/index.html]
[backblue.gif]
[fade.gif]
[index.html]
[themebeyond.com/pre/petco-prev/petco-live/img/favicon.png]
[themebeyond.com/pre/petco-prev/petco-live/css/bootstrap.min.css]
[themebeyond.com/pre/petco-prev/petco-live/css/animate.min.css]
[themebeyond.com/pre/petco-prev/petco-live/css/magnific-popup.css]
[themebeyond.com/pre/petco-prev/petco-live/css/fontawesome-all.min.css]
[themebeyond.com/pre/petco-prev/petco-live/css/owl.carousel.min.css]
[themebeyond.com/pre/petco-prev/petco-live/css/nice-select.css]
[themebeyond.com/pre/petco-prev/petco-live/css/flaticon.css]
[themebeyond.com/pre/petco-prev/petco-live/css/odometer.css]
[themebeyond.com/pre/petco-prev/petco-live/css/jquery-ui.css]
[themebeyond.com/pre/petco-prev/petco-live/css/slick.css]
[themebeyond.com/pre/petco-prev/petco-live/css/default.css]
[themebeyond.com/pre/petco-prev/petco-live/css/style.css]
[themebeyond.com/pre/petco-prev/petco-live/css/responsive.css]
[themebeyond.com/pre/petco-prev/petco-live/img/preloader.gif]
[themebeyond.com/pre/petco-prev/petco-live/img/logo/logo.png]
[themebeyond.com/pre/petco-prev/petco-live/index-2.html]
[themebeyond.com/pre/petco-prev/petco-live/dog-list.html]
[themebeyond.com/pre/petco-prev/petco-live/shop.html]
[themebeyond.com/pre/petco-prev/petco-live/shop-details.html]
[themebeyond.com/pre/petco-prev/petco-live/adoption.html]
[themebeyond.com/pre/petco-prev/petco-live/breeder.html]
[themebeyond.com/pre/petco-prev/petco-live/breeder-details.html]
[themebeyond.com/pre/petco-prev/petco-live/blog.html]
[themebeyond.com/pre/petco-prev/petco-live/blog-details.html]
[themebeyond.com/pre/petco-prev/petco-live/contact.html]
[themebeyond.com/pre/petco-prev/petco-live/img/product/cart_p01.jpg]
[themebeyond.com/pre/petco-prev/petco-live/img/product/cart_p02.jpg]
[themebeyond.com/pre/petco-prev/petco-live/img/icon/w_pawprint.png]
[themebeyond.com/pre/petco-prev/petco-live/img/bg/header_shape.png]
[themebeyond.com/pre/petco-prev/petco-live/img/slider/slider_bg01.jpg]
[themebeyond.com/pre/petco-prev/petco-live/img/slider/slider_bg02.jpg]
[themebeyond.com/pre/petco-prev/petco-live/img/slider/slider_shape01.png]
[themebeyond.com/pre/petco-prev/petco-live/img/slider/slider_shape02.png]
[themebeyond.com/pre/petco-prev/petco-live/img/bg/counter_bg.jpg]
[themebeyond.com/pre/petco-prev/petco-live/img/images/adoption_img.jpg]
[themebeyond.com/pre/petco-prev/petco-live/img/images/adoption_shape.png]
[themebeyond.com/pre/petco-prev/petco-live/img/icon/pawprint.png]
[themebeyond.com/pre/petco-prev/petco-live/img/images/breed_services_img01.jpg]
[themebeyond.com/pre/petco-prev/petco-live/img/images/breed_services_img02.jpg]
[themebeyond.com/pre/petco-prev/petco-live/img/images/breed_services_img03.jpg]
[themebeyond.com/pre/petco-prev/petco-live/img/images/breed_services_img04.jpg]
[themebeyond.com/pre/petco-prev/petco-live/img/bg/breed_services_bg.jpg]
[themebeyond.com/pre/petco-prev/petco-live/img/images/breed_services_shape01.png]
[themebeyond.com/pre/petco-prev/petco-live/img/images/breed_services_shape02.png]
[themebeyond.com/pre/petco-prev/petco-live/img/images/faq_tv.png]
[themebeyond.com/pre/petco-prev/petco-live/img/images/faq_img.png]
[themebeyond.com/pre/petco-prev/petco-live/img/images/faq_shape.png]
[themebeyond.com/pre/petco-prev/petco-live/img/brand/brand_item01.png]
[themebeyond.com/pre/petco-prev/petco-live/img/brand/brand_item02.png]
[themebeyond.com/pre/petco-prev/petco-live/img/brand/brand_item03.png]
[themebeyond.com/pre/petco-prev/petco-live/img/brand/brand_item04.png]
[themebeyond.com/pre/petco-prev/petco-live/img/brand/brand_item05.png]
[themebeyond.com/pre/petco-prev/petco-live/img/brand/brand_item06.png]
[themebeyond.com/pre/petco-prev/petco-live/img/product/adoption_shop_thumb01.jpg]
[themebeyond.com/pre/petco-prev/petco-live/img/product/adoption_shop_thumb02.jpg]
[themebeyond.com/pre/petco-prev/petco-live/img/product/adoption_shop_thumb03.jpg]
[themebeyond.com/pre/petco-prev/petco-live/img/product/adoption_shop_thumb04.jpg]
[themebeyond.com/pre/petco-prev/petco-live/img/product/adoption_shop_thumb05.jpg]
[themebeyond.com/pre/petco-prev/petco-live/img/product/adoption_shop_thumb06.jpg]
[themebeyond.com/pre/petco-prev/petco-live/img/images/testi_avatar01.png]
[themebeyond.com/pre/petco-prev/petco-live/img/images/testi_avatar02.png]
[themebeyond.com/pre/petco-prev/petco-live/img/blog/blog_post_thumb01.jpg]
[themebeyond.com/pre/petco-prev/petco-live/img/blog/blog_post_thumb02.jpg]
[themebeyond.com/pre/petco-prev/petco-live/img/blog/blog_post_thumb03.jpg]
[themebeyond.com/pre/petco-prev/petco-live/img/images/newsletter_shape01.png]
[themebeyond.com/pre/petco-prev/petco-live/img/images/newsletter_shape02.png]
[themebeyond.com/pre/petco-prev/petco-live/img/images/insta_img01.png]
[themebeyond.com/pre/petco-prev/petco-live/img/images/insta_img02.png]
[themebeyond.com/pre/petco-prev/petco-live/img/images/insta_img03.png]
[themebeyond.com/pre/petco-prev/petco-live/img/images/insta_img04.png]
[themebeyond.com/pre/petco-prev/petco-live/img/images/insta_img05.png]
[themebeyond.com/pre/petco-prev/petco-live/img/images/insta_img06.png]
[themebeyond.com/pre/petco-prev/petco-live/img/images/footer_shape01.png]
[themebeyond.com/pre/petco-prev/petco-live/img/images/footer_shape02.png]
[themebeyond.com/pre/petco-prev/petco-live/img/icon/united-states.png]
[themebeyond.com/pre/petco-prev/petco-live/img/icon/russia.png]
[themebeyond.com/pre/petco-prev/petco-live/img/icon/thailand.png]
[themebeyond.com/pre/petco-prev/petco-live/img/icon/india.png]
[themebeyond.com/pre/petco-prev/petco-live/js/vendor/jquery-3.6.0.min.js]
[themebeyond.com/pre/petco-prev/petco-live/js/bootstrap.min.js]
[themebeyond.com/pre/petco-prev/petco-live/js/isotope.pkgd.min.js]
[themebeyond.com/pre/petco-prev/petco-live/js/imagesloaded.pkgd.min.js]
[themebeyond.com/pre/petco-prev/petco-live/js/jquery.magnific-popup.min.js]
[themebeyond.com/pre/petco-prev/petco-live/js/owl.carousel.min.js]
[themebeyond.com/pre/petco-prev/petco-live/js/jquery.odometer.min.js]
[themebeyond.com/pre/petco-prev/petco-live/js/jquery.nice-select.min.js]
[themebeyond.com/pre/petco-prev/petco-live/js/jquery-ui.min.js]
[themebeyond.com/pre/petco-prev/petco-live/js/jquery.appear.js]
[themebeyond.com/pre/petco-prev/petco-live/js/slick.min.js]
[themebeyond.com/pre/petco-prev/petco-live/js/wow.min.js]
[themebeyond.com/pre/petco-prev/petco-live/js/plugins.js]
[themebeyond.com/pre/petco-prev/petco-live/js/main.js]
[themebeyond.com/pre/petco-prev/petco-live/index.html]
[themebeyond.com/pre/petco-prev/petco-live/css/bootstrap.min.css]
[themebeyond.com/pre/petco-prev/petco-live/css/animate.min.css]
[themebeyond.com/pre/petco-prev/petco-live/css/magnific-popup.css]
[themebeyond.com/pre/petco-prev/petco-live/fonts/fa-brands-400.eot]
[themebeyond.com/pre/petco-prev/petco-live/fonts/fa-brands-400d41d.eot]
[themebeyond.com/pre/petco-prev/petco-live/fonts/fa-brands-400.woff2]
[themebeyond.com/pre/petco-prev/petco-live/fonts/fa-brands-400.woff]
[themebeyond.com/pre/petco-prev/petco-live/fonts/fa-brands-400.ttf]
[themebeyond.com/pre/petco-prev/petco-live/fonts/fa-brands-400.svg]
[themebeyond.com/pre/petco-prev/petco-live/fonts/fa-regular-400.eot]
[themebeyond.com/pre/petco-prev/petco-live/fonts/fa-regular-400d41d.eot]
[themebeyond.com/pre/petco-prev/petco-live/fonts/fa-regular-400.woff2]
[themebeyond.com/pre/petco-prev/petco-live/fonts/fa-regular-400.woff]
[themebeyond.com/pre/petco-prev/petco-live/fonts/fa-regular-400.ttf]
[themebeyond.com/pre/petco-prev/petco-live/fonts/fa-regular-400.svg]
[themebeyond.com/pre/petco-prev/petco-live/fonts/fa-solid-900.eot]
[themebeyond.com/pre/petco-prev/petco-live/fonts/fa-solid-900d41d.eot]
[themebeyond.com/pre/petco-prev/petco-live/fonts/fa-solid-900.woff2]
[themebeyond.com/pre/petco-prev/petco-live/fonts/fa-solid-900.woff]
[themebeyond.com/pre/petco-prev/petco-live/fonts/fa-solid-900.ttf]
[themebeyond.com/pre/petco-prev/petco-live/css/fontawesome-all.min.css]
[themebeyond.com/pre/petco-prev/petco-live/fonts/fa-solid-900.svg]
[themebeyond.com/pre/petco-prev/petco-live/css/owl.video.play.png]
[themebeyond.com/pre/petco-prev/petco-live/css/owl.carousel.min.css]
[themebeyond.com/pre/petco-prev/petco-live/css/nice-select.css]
[themebeyond.com/pre/petco-prev/petco-live/fonts/flaticondf80.ttf]
[themebeyond.com/pre/petco-prev/petco-live/fonts/flaticondf80.woff]
[themebeyond.com/pre/petco-prev/petco-live/fonts/flaticondf80.woff2]
[themebeyond.com/pre/petco-prev/petco-live/fonts/flaticondf80.eot]
[themebeyond.com/pre/petco-prev/petco-live/css/flaticon.css]
[themebeyond.com/pre/petco-prev/petco-live/css/odometer.css]
[themebeyond.com/pre/petco-prev/petco-live/css/jquery-ui.css]
[themebeyond.com/pre/petco-prev/petco-live/css/slick.css]
[themebeyond.com/pre/petco-prev/petco-live/css/default.css]
[themebeyond.com/pre/petco-prev/petco-live/fonts/flaticondf80.svg]
[themebeyond.com/pre/petco-prev/petco-live/img/images/banner_text_shape.svg]
[themebeyond.com/pre/petco-prev/petco-live/img/slider/slider_arrow_shape.png]
[themebeyond.com/pre/petco-prev/petco-live/img/images/find_shape.png]
[themebeyond.com/pre/petco-prev/petco-live/img/images/adoption_mask.png]
[themebeyond.com/pre/petco-prev/petco-live/img/icon/adopt_arrow_shape.png]
[themebeyond.com/pre/petco-prev/petco-live/img/bg/breeder_bg.jpg]
[themebeyond.com/pre/petco-prev/petco-live/img/bg/breeder_details_bg.jpg]
[themebeyond.com/pre/petco-prev/petco-live/img/images/breed_shape.svg]
[themebeyond.com/pre/petco-prev/petco-live/img/icon/arrow_bg.png]
[themebeyond.com/pre/petco-prev/petco-live/img/bg/faq_bg_shape02.png]
[themebeyond.com/pre/petco-prev/petco-live/img/bg/testi_bg_shape02.png]
[themebeyond.com/pre/petco-prev/petco-live/img/bg/faq_bg.jpg]
[themebeyond.com/pre/petco-prev/petco-live/img/images/s_faq_img.jpg]
[themebeyond.com/pre/petco-prev/petco-live/img/bg/adoption_shop_bg.jpg]
[themebeyond.com/pre/petco-prev/petco-live/img/bg/testimonial_bg.jpg]
[themebeyond.com/pre/petco-prev/petco-live/img/bg/testi_bg_shape01.png]
[themebeyond.com/pre/petco-prev/petco-live/img/images/testimonial.svg]
[themebeyond.com/pre/petco-prev/petco-live/img/blog/blog_tag_shape.png]
[themebeyond.com/pre/petco-prev/petco-live/img/blog/blog_item_line.png]
[themebeyond.com/pre/petco-prev/petco-live/img/bg/newsletter_bg.jpg]
[themebeyond.com/pre/petco-prev/petco-live/img/bg/footer_bg.jpg]
[themebeyond.com/pre/petco-prev/petco-live/img/bg/copyright_shape.png]
[themebeyond.com/pre/petco-prev/petco-live/css/style.css]
[themebeyond.com/pre/petco-prev/petco-live/css/responsive.css]
[themebeyond.com/pre/petco-prev/petco-live/img/slider/s_slider_bg01.jpg]
[themebeyond.com/pre/petco-prev/petco-live/img/slider/s_slider_bg02.jpg]
[themebeyond.com/pre/petco-prev/petco-live/img/images/breeder_img01.jpg]
[themebeyond.com/pre/petco-prev/petco-live/img/images/breeder_img02.jpg]
[themebeyond.com/pre/petco-prev/petco-live/img/images/breeder_img03.jpg]
[themebeyond.com/pre/petco-prev/petco-live/img/images/breeder_img04.jpg]
[themebeyond.com/pre/petco-prev/petco-live/img/images/breeder_img05.jpg]
[themebeyond.com/pre/petco-prev/petco-live/img/images/adop_img01.png]
[themebeyond.com/pre/petco-prev/petco-live/img/images/adop_img02.png]
[themebeyond.com/pre/petco-prev/petco-live/img/images/adop_img03.png]
[themebeyond.com/pre/petco-prev/petco-live/img/images/adop_img04.png]
[themebeyond.com/pre/petco-prev/petco-live/img/images/adop_img05.png]
[themebeyond.com/pre/petco-prev/petco-live/index-2.html]
[themebeyond.com/pre/petco-prev/petco-live/img/bg/breadcrumb_bg.jpg]
[themebeyond.com/pre/petco-prev/petco-live/dog-list.html]
[themebeyond.com/pre/petco-prev/petco-live/img/product/shop_add.jpg]
[themebeyond.com/pre/petco-prev/petco-live/img/product/shop_item01.jpg]
[themebeyond.com/pre/petco-prev/petco-live/img/product/shop_item02.jpg]
[themebeyond.com/pre/petco-prev/petco-live/img/product/shop_item03.jpg]
[themebeyond.com/pre/petco-prev/petco-live/img/product/shop_item04.jpg]
[themebeyond.com/pre/petco-prev/petco-live/img/product/shop_item05.jpg]
[themebeyond.com/pre/petco-prev/petco-live/img/product/shop_item06.jpg]
[themebeyond.com/pre/petco-prev/petco-live/img/product/shop_item07.jpg]
[themebeyond.com/pre/petco-prev/petco-live/img/product/shop_item08.jpg]
[themebeyond.com/pre/petco-prev/petco-live/img/product/shop_item09.jpg]
[themebeyond.com/pre/petco-prev/petco-live/shop.html]
[themebeyond.com/pre/petco-prev/petco-live/img/product/shop_details01.jpg]
[themebeyond.com/pre/petco-prev/petco-live/img/product/shop_details02.jpg]
[themebeyond.com/pre/petco-prev/petco-live/img/product/shop_details03.jpg]
[themebeyond.com/pre/petco-prev/petco-live/img/product/shop_details04.jpg]
[themebeyond.com/pre/petco-prev/petco-live/img/product/shop_nav_img01.jpg]
[themebeyond.com/pre/petco-prev/petco-live/img/product/shop_nav_img02.jpg]
[themebeyond.com/pre/petco-prev/petco-live/img/product/shop_nav_img03.jpg]
[themebeyond.com/pre/petco-prev/petco-live/img/product/shop_nav_img04.jpg]
[themebeyond.com/pre/petco-prev/petco-live/img/product/desc_img.jpg]
[themebeyond.com/pre/petco-prev/petco-live/shop-details.html]
[themebeyond.com/pre/petco-prev/petco-live/img/images/breeder_gallery01.jpg]
[themebeyond.com/pre/petco-prev/petco-live/img/images/breeder_gallery02.jpg]
[themebeyond.com/pre/petco-prev/petco-live/img/images/breeder_gallery03.jpg]
[themebeyond.com/pre/petco-prev/petco-live/img/images/breeder_gallery04.jpg]
[themebeyond.com/pre/petco-prev/petco-live/adoption.html]
[themebeyond.com/pre/petco-prev/petco-live/breeder.html]
[themebeyond.com/pre/petco-prev/petco-live/img/images/breeder_details.jpg]
[themebeyond.com/pre/petco-prev/petco-live/img/icon/sn_icon.png]
[themebeyond.com/pre/petco-prev/petco-live/breeder-details.html]
[themebeyond.com/pre/petco-prev/petco-live/img/blog/blog_thumb01.jpg]
[themebeyond.com/pre/petco-prev/petco-live/img/blog/blog_thumb02.jpg]
[themebeyond.com/pre/petco-prev/petco-live/img/blog/blog_thumb03.jpg]
[themebeyond.com/pre/petco-prev/petco-live/img/blog/rc_post_thumb01.jpg]
[themebeyond.com/pre/petco-prev/petco-live/img/blog/rc_post_thumb02.jpg]
[themebeyond.com/pre/petco-prev/petco-live/blog.html]
[themebeyond.com/pre/petco-prev/petco-live/img/blog/blog_details_img01.jpg]
[themebeyond.com/pre/petco-prev/petco-live/img/blog/blog_details_img02.jpg]
[themebeyond.com/pre/petco-prev/petco-live/img/blog/post_avatar_img.png]
[themebeyond.com/pre/petco-prev/petco-live/img/icon/left_arrow.png]
[themebeyond.com/pre/petco-prev/petco-live/img/icon/right_arrow.png]
[themebeyond.com/pre/petco-prev/petco-live/blog-details.html]
[themebeyond.com/pre/petco-prev/petco-live/img/images/contact_img.png]
[themebeyond.com/pre/petco-prev/petco-live/contact.html]
[themebeyond.com/pre/petco-prev/petco-live/fonts/fa-brands-400.svg]
[themebeyond.com/pre/petco-prev/petco-live/fonts/fa-regular-400.svg]
[themebeyond.com/pre/petco-prev/petco-live/fonts/fa-solid-900.svg]
[themebeyond.com/pre/petco-prev/petco-live/css/owl.video.play.html]
[themebeyond.com/pre/petco-prev/petco-live/fonts/flaticondf80.svg]
[themebeyond.com/pre/petco-prev/petco-live/img/images/banner_text_shape.svg]
[themebeyond.com/pre/petco-prev/petco-live/img/images/breed_shape.svg]
[themebeyond.com/pre/petco-prev/petco-live/img/images/testimonial.svg]
